###############################################################################
#
# IAR ELF Linker V9.20.4.327/W64 for ARM                  23/Feb/2023  10:34:11
# Copyright 2007-2022 IAR Systems AB.
#
#    Output file  =
#        C:\Users\poroz\Documents\Computersystem\Ds2\Debug\Exe\Ds2.out
#    Map file     =
#        C:\Users\poroz\Documents\Computersystem\Ds2\Debug\List\Ds2.map
#    Command line =
#        -f C:\Users\poroz\Documents\Computersystem\Ds2\Debug\Exe\Ds2.out.rsp
#        (C:\Users\poroz\Documents\Computersystem\Ds2\Debug\Obj\context_switching_functions_march_2019.o
#        C:\Users\poroz\Documents\Computersystem\Ds2\Debug\Obj\cstartup.o
#        C:\Users\poroz\Documents\Computersystem\Ds2\Debug\Obj\exceptions.o
#        C:\Users\poroz\Documents\Computersystem\Ds2\Debug\Obj\functions.o
#        C:\Users\poroz\Documents\Computersystem\Ds2\Debug\Obj\main.o
#        C:\Users\poroz\Documents\Computersystem\Ds2\Debug\Obj\startup_sam3x.o
#        C:\Users\poroz\Documents\Computersystem\Ds2\Debug\Obj\system_sam3x.o
#        --no_out_extension -o
#        C:\Users\poroz\Documents\Computersystem\Ds2\Debug\Exe\Ds2.out
#        --redirect _Printf=_PrintfFullNoMb --redirect _Scanf=_ScanfFullNoMb
#        --map C:\Users\poroz\Documents\Computersystem\Ds2\Debug\List\Ds2.map
#        --config
#        C:\Users\poroz\Documents\Computersystem\Ds2\sam3x8-sram_BigHeap.icf
#        --semihosting --entry __iar_program_start --vfe --text_out locale)
#
###############################################################################

*******************************************************************************
*** RUNTIME MODEL ATTRIBUTES
***

CppFlavor       = *
__CPP_Runtime   = 1
__Heap_Handler  = Basic
__SystemLibrary = DLib
__dlib_version  = 6


*******************************************************************************
*** HEAP SELECTION
***

The basic heap was selected because some modules are built with
size limitations (and not runtime checking), and --advanced_heap
was not specified.


*******************************************************************************
*** PLACEMENT SUMMARY
***

"A0":  place at address 0x2007'0000 { ro section .intvec };
"P1":  place in [from 0x2007'0000 to 0x2008'7fff] { ro };
define block CSTACK with size = 2K, alignment = 8 { };
define block HEAP with size = 8K, alignment = 8 { };
"P2":  place in [from 0x2007'0000 to 0x2008'7fff] {
          rw, block CSTACK, block HEAP };
initialize by copy with packing = none, complex ranges { rw };

  Section            Kind         Address    Size  Object
  -------            ----         -------    ----  ------
"A0":                                        0xf4
  .intvec                     0x2007'0000    0xf4  <Block>
    .intvec          const    0x2007'0000    0xf4  startup_sam3x.o [1]
                            - 0x2007'00f4    0xf4

"P1-P2", part 1 of 2:                      0x1388
  .text              ro code  0x2007'00f4   0x9a8  functions.o [1]
  .text              ro code  0x2007'0a9c   0x170  heap0.o [2]
  .text              ro code  0x2007'0c0c     0x4  heaptramp0.o [2]
  .text              ro code  0x2007'0c10   0x1c8  context_switching_functions_march_2019.o [1]
  .text              ro code  0x2007'0dd8    0xa6  ABImemcpy.o [3]
  .text              ro code  0x2007'0e7e    0x2a  copy_init3.o [3]
  .text              ro code  0x2007'0ea8    0x2c  xgetmemchunk.o [2]
  .text              ro code  0x2007'0ed4    0x12  xxmemxmemzero.o [2]
  .text              ro code  0x2007'0ee6     0x2  exceptions.o [1]
  .text              ro code  0x2007'0ee8   0x3a0  main.o [1]
  .text              ro code  0x2007'1288    0xa0  system_sam3x.o [1]
  .text              ro code  0x2007'1328    0x30  startup_sam3x.o [1]
  .text              ro code  0x2007'1358     0xc  cstartup.o [1]
  .text              ro code  0x2007'1364    0x1e  cmain.o [3]
  .text              ro code  0x2007'1384    0x28  data_init.o [3]
  .text              ro code  0x2007'13ac     0x4  exit.o [2]
  .text              ro code  0x2007'13b0     0xa  cexit.o [3]
  .text              ro code  0x2007'13bc    0x14  exit.o [4]
  .iar.init_table    const    0x2007'13d0    0x14  - Linker created -
  .rodata            const    0x2007'13e4     0x0  copy_init3.o [3]
  P1-P2 s0                    0x2007'13e4    0x4c  <Init block>
    .bss             inited   0x2007'13e4     0x8  heap0.o [2]
    .data            inited   0x2007'13ec     0x4  main.o [1]
    .data            inited   0x2007'13f0     0x4  main.o [1]
    .data            inited   0x2007'13f4     0x4  main.o [1]
    .data            inited   0x2007'13f8     0x4  system_sam3x.o [1]
    .bss             inited   0x2007'13fc     0x4  functions.o [1]
    .bss             inited   0x2007'1400     0x4  functions.o [1]
    .bss             inited   0x2007'1404     0x4  functions.o [1]
    .bss             inited   0x2007'1408     0x4  functions.o [1]
    .bss             inited   0x2007'140c     0x4  functions.o [1]
    .bss             inited   0x2007'1410     0x4  functions.o [1]
    .bss             inited   0x2007'1414     0x4  functions.o [1]
    .bss             inited   0x2007'1418     0x4  main.o [1]
    .bss             inited   0x2007'141c     0x4  main.o [1]
    .bss             inited   0x2007'1420     0x4  main.o [1]
    .bss             inited   0x2007'1424     0x4  main.o [1]
    .bss             inited   0x2007'1428     0x4  main.o [1]
    .bss             inited   0x2007'142c     0x4  xgetmemchunk.o [2]
  Initializer bytes  const    0x2007'1430    0x4c  <for P1-P2 s0>
                            - 0x2007'147c  0x1388

"P1-P2", part 2 of 2:                      0x2800
  CSTACK                      0x2007'1480   0x800  <Block>
    CSTACK           uninit   0x2007'1480   0x800  <Block tail>
  HEAP                        0x2007'1c80  0x2000  <Block>
    HEAP             uninit   0x2007'1c80  0x2000  <Block tail>
                            - 0x2007'3c80  0x2800

Unused ranges:

         From           To      Size
         ----           --      ----
  0x2007'147c  0x2007'147f       0x4
  0x2007'3c80  0x2008'7fff  0x1'4380


*******************************************************************************
*** INIT TABLE
***

          Address      Size
          -------      ----
Copy (__iar_copy_init3)
    1 source range, total size 0x4c:
          0x2007'1430  0x4c
    1 destination range, total size 0x4c:
          0x2007'13e4  0x4c



*******************************************************************************
*** MODULE SUMMARY
***

    Module                                    ro code  ro data  rw data
    ------                                    -------  -------  -------
command line/config:
    -------------------------------------------------------------------
    Total:

C:\Users\poroz\Documents\Computersystem\Ds2\Debug\Obj: [1]
    context_switching_functions_march_2019.o      456
    cstartup.o                                     12
    exceptions.o                                    2
    functions.o                                 2'472       28       28
    main.o                                        928       32       32
    startup_sam3x.o                                48      244
    system_sam3x.o                                160        4        4
    -------------------------------------------------------------------
    Total:                                      4'078      308       64

dl7M_tln.a: [2]
    exit.o                                          4
    heap0.o                                       368        8        8
    heaptramp0.o                                    4
    xgetmemchunk.o                                 44        4        4
    xxmemxmemzero.o                                18
    -------------------------------------------------------------------
    Total:                                        438       12       12

rt7M_tl.a: [3]
    ABImemcpy.o                                   166
    cexit.o                                        10
    cmain.o                                        30
    copy_init3.o                                   42
    data_init.o                                    40
    -------------------------------------------------------------------
    Total:                                        288

shb_l.a: [4]
    exit.o                                         20
    -------------------------------------------------------------------
    Total:                                         20

    Gaps                                            4
    Linker created                                          20   10'240
-----------------------------------------------------------------------
    Grand Total:                                4'828      340   10'316


*******************************************************************************
*** ENTRY LIST
***

Entry                       Address   Size  Type      Object
-----                       -------   ----  ----      ------
.iar.init_table$$Base   0x2007'13d0          --   Gb  - Linker created -
.iar.init_table$$Limit  0x2007'13e4          --   Gb  - Linker created -
.intvec$$Base           0x2007'0000          --   Gb  - Linker created -
.intvec$$Limit          0x2007'00f4          --   Gb  - Linker created -
?main                   0x2007'1365         Code  Gb  cmain.o [3]
ADC_Handler             0x2007'0ee7    0x2  Code  Wk  exceptions.o [1]
Aldata                  0x2007'13e4    0x8  Data  Lc  heap0.o [2]
BusFault_Handler        0x2007'0ee7    0x2  Code  Wk  exceptions.o [1]
CAN0_Handler            0x2007'0ee7    0x2  Code  Wk  exceptions.o [1]
CAN1_Handler            0x2007'0ee7    0x2  Code  Wk  exceptions.o [1]
CSTACK$$Base            0x2007'1480          --   Gb  - Linker created -
CSTACK$$Limit           0x2007'1c80          --   Gb  - Linker created -
DACC_Handler            0x2007'0ee7    0x2  Code  Wk  exceptions.o [1]
DMAC_Handler            0x2007'0ee7    0x2  Code  Wk  exceptions.o [1]
DebugMon_Handler        0x2007'0ee7    0x2  Code  Wk  exceptions.o [1]
DeleteM                 0x2007'061d   0x3c  Code  Gb  functions.o [1]
Dummy_Handler           0x2007'0ee7    0x2  Code  Gb  exceptions.o [1]
EFC0_Handler            0x2007'0ee7    0x2  Code  Wk  exceptions.o [1]
EFC1_Handler            0x2007'0ee7    0x2  Code  Wk  exceptions.o [1]
HEAP$$Base              0x2007'1c80          --   Gb  - Linker created -
HEAP$$Limit             0x2007'3c80          --   Gb  - Linker created -
HSMCI_Handler           0x2007'0ee7    0x2  Code  Wk  exceptions.o [1]
HardFault_Handler       0x2007'0ee7    0x2  Code  Wk  exceptions.o [1]
LoadContext_In_Run      0x2007'0d39         Code  Gb  context_switching_functions_march_2019.o [1]
LoadContext_In_Terminate
                        0x2007'0d2b         Code  Gb  context_switching_functions_march_2019.o [1]
MemManage_Handler       0x2007'0ee7    0x2  Code  Wk  exceptions.o [1]
NMI_Handler             0x2007'0ee7    0x2  Code  Wk  exceptions.o [1]
NVIC_SetPriority        0x2007'0ee9   0x28  Code  Lc  main.o [1]
NextTask                0x2007'1404    0x4  Data  Gb  functions.o [1]
PIOA_Handler            0x2007'0ee7    0x2  Code  Wk  exceptions.o [1]
PIOB_Handler            0x2007'0ee7    0x2  Code  Wk  exceptions.o [1]
PIOC_Handler            0x2007'0ee7    0x2  Code  Wk  exceptions.o [1]
PIOD_Handler            0x2007'0ee7    0x2  Code  Wk  exceptions.o [1]
PMC_Handler             0x2007'0ee7    0x2  Code  Wk  exceptions.o [1]
PWM_Handler             0x2007'0ee7    0x2  Code  Wk  exceptions.o [1]
PendSV_Handler          0x2007'0ee7    0x2  Code  Wk  exceptions.o [1]
PreviousTask            0x2007'1408    0x4  Data  Gb  functions.o [1]
RSTC_Handler            0x2007'0ee7    0x2  Code  Wk  exceptions.o [1]
RTC_Handler             0x2007'0ee7    0x2  Code  Wk  exceptions.o [1]
RTT_Handler             0x2007'0ee7    0x2  Code  Wk  exceptions.o [1]
ReadyList               0x2007'140c    0x4  Data  Gb  functions.o [1]
Region$$Table$$Base     0x2007'13d0          --   Gb  - Linker created -
Region$$Table$$Limit    0x2007'13e4          --   Gb  - Linker created -
Reset_Handler           0x2007'1351    0x8  Code  Gb  startup_sam3x.o [1]
SPI0_Handler            0x2007'0ee7    0x2  Code  Wk  exceptions.o [1]
SSC_Handler             0x2007'0ee7    0x2  Code  Wk  exceptions.o [1]
SUPC_Handler            0x2007'0ee7    0x2  Code  Wk  exceptions.o [1]
SVC_Handler             0x2007'0c61         Code  Gb  context_switching_functions_march_2019.o [1]
SwitchContext           0x2007'0d1d         Code  Gb  context_switching_functions_march_2019.o [1]
SysTick_Config          0x2007'0f11   0x36  Code  Lc  main.o [1]
SysTick_Handler         0x2007'0c11         Code  Gb  context_switching_functions_march_2019.o [1]
SystemCoreClock         0x2007'13f8    0x4  Data  Gb  system_sam3x.o [1]
SystemInit              0x2007'1289   0x6e  Code  Gb  system_sam3x.o [1]
TC0_Handler             0x2007'0ee7    0x2  Code  Wk  exceptions.o [1]
TC1_Handler             0x2007'0ee7    0x2  Code  Wk  exceptions.o [1]
TC2_Handler             0x2007'0ee7    0x2  Code  Wk  exceptions.o [1]
TC3_Handler             0x2007'0ee7    0x2  Code  Wk  exceptions.o [1]
TC4_Handler             0x2007'0ee7    0x2  Code  Wk  exceptions.o [1]
TC5_Handler             0x2007'0ee7    0x2  Code  Wk  exceptions.o [1]
TRNG_Handler            0x2007'0ee7    0x2  Code  Wk  exceptions.o [1]
TWI0_Handler            0x2007'0ee7    0x2  Code  Wk  exceptions.o [1]
TWI1_Handler            0x2007'0ee7    0x2  Code  Wk  exceptions.o [1]
Ticks                   0x2007'13fc    0x4  Data  Gb  functions.o [1]
TimerInt                0x2007'00f5   0x86  Code  Gb  functions.o [1]
TimerList               0x2007'1414    0x4  Data  Gb  functions.o [1]
UART_Handler            0x2007'0ee7    0x2  Code  Wk  exceptions.o [1]
UOTGHS_Handler          0x2007'0ee7    0x2  Code  Wk  exceptions.o [1]
USART0_Handler          0x2007'0ee7    0x2  Code  Wk  exceptions.o [1]
USART1_Handler          0x2007'0ee7    0x2  Code  Wk  exceptions.o [1]
USART2_Handler          0x2007'0ee7    0x2  Code  Wk  exceptions.o [1]
UsageFault_Handler      0x2007'0ee7    0x2  Code  Wk  exceptions.o [1]
WDT_Handler             0x2007'0ee7    0x2  Code  Wk  exceptions.o [1]
WaitingList             0x2007'1410    0x4  Data  Gb  functions.o [1]
__aeabi_memcpy          0x2007'0dd9         Code  Gb  ABImemcpy.o [3]
__aeabi_memcpy4         0x2007'0df9         Code  Gb  ABImemcpy.o [3]
__aeabi_memcpy8         0x2007'0df9         Code  Gb  ABImemcpy.o [3]
__basic_calloc          0x2007'0bd3   0x36  Code  Gb  heap0.o [2]
__basic_free            0x2007'0b49   0x16  Code  Gb  heap0.o [2]
__basic_free_intern     0x2007'0b5f   0x74  Code  Lc  heap0.o [2]
__basic_malloc          0x2007'0a9d   0x18  Code  Gb  heap0.o [2]
__basic_malloc_intern   0x2007'0ab5   0x94  Code  Lc  heap0.o [2]
__cmain                 0x2007'1365         Code  Gb  cmain.o [3]
__data_GetMemChunk      0x2007'0ea9   0x2c  Code  Gb  xgetmemchunk.o [2]
__data_GetMemChunk::start
                        0x2007'142c    0x4  Data  Lc  xgetmemchunk.o [2]
__data_memzero          0x2007'0ed5   0x12  Code  Gb  xxmemxmemzero.o [2]
__exit                  0x2007'13bd   0x14  Code  Gb  exit.o [4]
__iar_copy_init3        0x2007'0e7f   0x2a  Code  Gb  copy_init3.o [3]
__iar_data_init3        0x2007'1385   0x28  Code  Gb  data_init.o [3]
__iar_program_start     0x2007'1359         Code  Gb  cstartup.o [1]
__low_level_init        0x2007'1329   0x20  Code  Gb  startup_sam3x.o [1]
__region_NFC_RAM_end__ {Abs}
                        0x2010'0fff         Data  Gb  <internal module>
__region_NFC_RAM_start__ {Abs}
                        0x2010'0000         Data  Gb  <internal module>
__region_RAM0_end__ {Abs}
                        0x2000'ffff         Data  Gb  <internal module>
__region_RAM0_size__ {Abs}
                           0x1'0000         Data  Gb  <internal module>
__region_RAM0_start__ {Abs}
                        0x2000'0000         Data  Gb  <internal module>
__region_RAM1_end__ {Abs}
                        0x2008'7fff         Data  Gb  <internal module>
__region_RAM1_size__ {Abs}
                             0x8000         Data  Gb  <internal module>
__region_RAM1_start__ {Abs}
                        0x2008'0000         Data  Gb  <internal module>
__region_RAM_end__ {Abs}
                        0x2008'7fff         Data  Gb  <internal module>
__region_RAM_size__ {Abs}
                           0x1'8000         Data  Gb  <internal module>
__region_RAM_start__ {Abs}
                        0x2007'0000         Data  Gb  <internal module>
__vector_table          0x2007'0000   0xf4  Data  Gb  startup_sam3x.o [1]
_call_main              0x2007'1371         Code  Gb  cmain.o [3]
_exit                   0x2007'13b1         Code  Gb  cexit.o [3]
charMbox                0x2007'1420    0x4  Data  Gb  main.o [1]
create_listobj          0x2007'044b   0x14  Code  Gb  functions.o [1]
create_mailbox          0x2007'05f9   0x24  Code  Gb  functions.o [1]
create_task             0x2007'0505   0x8c  Code  Gb  functions.o [1]
createlist              0x2007'017b   0x36  Code  Gb  functions.o [1]
delet                   0x2007'01b1   0xb8  Code  Gb  functions.o [1]
deleteMail              0x2007'0269   0xae  Code  Gb  functions.o [1]
exit                    0x2007'13ad    0x4  Code  Gb  exit.o [2]
extract                 0x2007'0591   0x68  Code  Gb  functions.o [1]
floatMbox               0x2007'1428    0x4  Data  Gb  main.o [1]
free                    0x2007'0c0d    0x4  Code  Gb  heaptramp0.o [2]
g0                      0x2007'1418    0x4  Data  Gb  main.o [1]
g1                      0x2007'141c    0x4  Data  Gb  main.o [1]
g3                      0x2007'13ec    0x4  Data  Gb  main.o [1]
high_deadline           0x2007'13f4    0x4  Data  Gb  main.o [1]
idle                    0x2007'0a2d    0x2  Code  Gb  functions.o [1]
init_kernel             0x2007'045f   0xa6  Code  Gb  functions.o [1]
insert                  0x2007'03ab   0xa0  Code  Gb  functions.o [1]
insertTL                0x2007'0317   0x94  Code  Gb  functions.o [1]
insert_lastM            0x2007'0889   0x3c  Code  Gb  functions.o [1]
intMbox                 0x2007'1424    0x4  Data  Gb  main.o [1]
isr_off                 0x2007'0dbb         Code  Gb  context_switching_functions_march_2019.o [1]
isr_on                  0x2007'0db1         Code  Gb  context_switching_functions_march_2019.o [1]
kernelmode              0x2007'1400    0x4  Data  Gb  functions.o [1]
low_deadline            0x2007'13f0    0x4  Data  Gb  main.o [1]
main                    0x2007'1115  0x112  Code  Gb  main.o [1]
receive_no_wait         0x2007'098b   0x60  Code  Gb  functions.o [1]
receive_wait            0x2007'0781  0x108  Code  Gb  functions.o [1]
run                     0x2007'09eb   0x1a  Code  Gb  functions.o [1]
send_no_wait            0x2007'08c5   0xc6  Code  Gb  functions.o [1]
send_wait               0x2007'0659  0x128  Code  Gb  functions.o [1]
switch_to_stack_of_next_task
                        0x2007'0d9d         Code  Gb  context_switching_functions_march_2019.o [1]
task_body_1             0x2007'0f47  0x124  Code  Gb  main.o [1]
task_body_2             0x2007'106b   0x30  Code  Gb  main.o [1]
task_body_3             0x2007'109b   0x18  Code  Gb  main.o [1]
task_body_4             0x2007'10b3   0x3a  Code  Gb  main.o [1]
task_body_5             0x2007'10ed   0x28  Code  Gb  main.o [1]
terminate               0x2007'0a05   0x26  Code  Gb  functions.o [1]
wait                    0x2007'0a2f   0x50  Code  Gb  functions.o [1]


[1] = C:\Users\poroz\Documents\Computersystem\Ds2\Debug\Obj
[2] = dl7M_tln.a
[3] = rt7M_tl.a
[4] = shb_l.a

   4'828 bytes of readonly  code memory
     340 bytes of readonly  data memory
  10'316 bytes of readwrite data memory

Errors: none
Warnings: none
